2026-01-12 08:51:36.6606||||Microsoft.Hosting.Lifetime|INFO|Application started. Press Ctrl+C to shut down. 
2026-01-12 08:51:36.8447||||Microsoft.Hosting.Lifetime|INFO|Hosting environment: Development 
2026-01-12 08:51:36.8447||||Microsoft.Hosting.Lifetime|INFO|Content root path: C:\Users\Public\TechVerse\TechVerse.Cms 
2026-01-12 09:46:15.5862||||Microsoft.Hosting.Lifetime|INFO|Application started. Press Ctrl+C to shut down. 
2026-01-12 09:46:15.6280||||Microsoft.Hosting.Lifetime|INFO|Hosting environment: Development 
2026-01-12 09:46:15.6280||||Microsoft.Hosting.Lifetime|INFO|Content root path: C:\Users\Public\TechVerse\TechVerse.Cms 
2026-01-12 09:49:02.6874|Default|00-3dd89ec3a9b368ecf0cc21602d871229-6ed5da14cd23e8b0-00|3|Microsoft.WebTools.BrowserLink.Net.BrowserLinkMiddleware|WARN|Unable to configure Browser Link script injection on the response.  
2026-01-12 09:49:02.7012|Default|00-3dd89ec3a9b368ecf0cc21602d871229-6ed5da14cd23e8b0-00|3|Microsoft.AspNetCore.Watch.BrowserRefresh.BrowserRefreshMiddleware|WARN|Unable to configure browser refresh script injection on the response. Consider manually adding '<script src="/_framework/aspnetcore-browser-refresh.js"></script>' to the body of the page. 
2026-01-12 09:49:07.0464|Default|00-aae1e4c9be33d3b6ee7531852c8da692-38719e6a15f2507a-00|3|Microsoft.WebTools.BrowserLink.Net.BrowserLinkMiddleware|WARN|Unable to configure Browser Link script injection on the response.  
2026-01-12 09:49:07.0464|Default|00-aae1e4c9be33d3b6ee7531852c8da692-38719e6a15f2507a-00|3|Microsoft.AspNetCore.Watch.BrowserRefresh.BrowserRefreshMiddleware|WARN|Unable to configure browser refresh script injection on the response. Consider manually adding '<script src="/_framework/aspnetcore-browser-refresh.js"></script>' to the body of the page. 
2026-01-12 09:49:15.3807|Default|00-9657b0d87a3c278bdb97c1ccd4cd2bb2-2b55e8af350f528b-00|3|Microsoft.WebTools.BrowserLink.Net.BrowserLinkMiddleware|WARN|Unable to configure Browser Link script injection on the response.  
2026-01-12 09:49:15.3868|Default|00-9657b0d87a3c278bdb97c1ccd4cd2bb2-2b55e8af350f528b-00|3|Microsoft.AspNetCore.Watch.BrowserRefresh.BrowserRefreshMiddleware|WARN|Unable to configure browser refresh script injection on the response. Consider manually adding '<script src="/_framework/aspnetcore-browser-refresh.js"></script>' to the body of the page. 
2026-01-12 09:49:16.9753|Default|00-b670ecd6cfcb9cfe4a2b13f35db34c22-a702fdfe8a22ff4c-00|3|Microsoft.WebTools.BrowserLink.Net.BrowserLinkMiddleware|WARN|Unable to configure Browser Link script injection on the response.  
2026-01-12 09:49:16.9839|Default|00-b670ecd6cfcb9cfe4a2b13f35db34c22-a702fdfe8a22ff4c-00|3|Microsoft.AspNetCore.Watch.BrowserRefresh.BrowserRefreshMiddleware|WARN|Unable to configure browser refresh script injection on the response. Consider manually adding '<script src="/_framework/aspnetcore-browser-refresh.js"></script>' to the body of the page. 
2026-01-12 09:49:19.3884|Default|00-aee4b99dfc314c294de59b19a237dec8-95ccf238a96f259e-00|3|Microsoft.WebTools.BrowserLink.Net.BrowserLinkMiddleware|WARN|Unable to configure Browser Link script injection on the response.  
2026-01-12 09:49:19.3884|Default|00-aee4b99dfc314c294de59b19a237dec8-95ccf238a96f259e-00|3|Microsoft.AspNetCore.Watch.BrowserRefresh.BrowserRefreshMiddleware|WARN|Unable to configure browser refresh script injection on the response. Consider manually adding '<script src="/_framework/aspnetcore-browser-refresh.js"></script>' to the body of the page. 
2026-01-12 09:49:21.3463|Default|00-0721623c5e9b7db606c7808f1eff0f6e-68740bed769caea7-00|3|Microsoft.WebTools.BrowserLink.Net.BrowserLinkMiddleware|WARN|Unable to configure Browser Link script injection on the response.  
2026-01-12 09:49:21.3463|Default|00-0721623c5e9b7db606c7808f1eff0f6e-68740bed769caea7-00|3|Microsoft.AspNetCore.Watch.BrowserRefresh.BrowserRefreshMiddleware|WARN|Unable to configure browser refresh script injection on the response. Consider manually adding '<script src="/_framework/aspnetcore-browser-refresh.js"></script>' to the body of the page. 
2026-01-12 11:01:33.9729|Default|00-a326a3e4136b26183259308dfacba12d-7862c09938226b68-00|3|Microsoft.WebTools.BrowserLink.Net.BrowserLinkMiddleware|WARN|Unable to configure Browser Link script injection on the response.  
2026-01-12 11:01:33.9867|Default|00-a326a3e4136b26183259308dfacba12d-7862c09938226b68-00|3|Microsoft.AspNetCore.Watch.BrowserRefresh.BrowserRefreshMiddleware|WARN|Unable to configure browser refresh script injection on the response. Consider manually adding '<script src="/_framework/aspnetcore-browser-refresh.js"></script>' to the body of the page. 
2026-01-12 11:14:57.4421|Default|00-d2fdf3013e63544398dc91d201df038f-88bb452f95096d7c-00|3|Microsoft.WebTools.BrowserLink.Net.BrowserLinkMiddleware|WARN|Unable to configure Browser Link script injection on the response.  
2026-01-12 11:14:57.4588|Default|00-d2fdf3013e63544398dc91d201df038f-88bb452f95096d7c-00|3|Microsoft.AspNetCore.Watch.BrowserRefresh.BrowserRefreshMiddleware|WARN|Unable to configure browser refresh script injection on the response. Consider manually adding '<script src="/_framework/aspnetcore-browser-refresh.js"></script>' to the body of the page. 
2026-01-12 11:15:06.3074|Default|00-556928833938480f4108b0dae2ec20b1-fb92d9b2890c140b-00||OrchardCore.Layers.Controllers.AdminController|WARN|The Widget content item with id 4nnzv37r0e7pyy373nkyg7gxd7 has no matching RawHtml content type definition. 
2026-01-12 11:18:12.1968||||Microsoft.Hosting.Lifetime|INFO|Application started. Press Ctrl+C to shut down. 
2026-01-12 11:18:12.2460||||Microsoft.Hosting.Lifetime|INFO|Hosting environment: Development 
2026-01-12 11:18:12.2460||||Microsoft.Hosting.Lifetime|INFO|Content root path: C:\Users\Public\TechVerse\TechVerse.Cms 
2026-01-12 11:43:22.9131|Default|00-f9dc25bf11f3354d133b71b40e23778f-4e74fb4b9c6855ac-00|3|Microsoft.WebTools.BrowserLink.Net.BrowserLinkMiddleware|WARN|Unable to configure Browser Link script injection on the response.  
2026-01-12 11:43:22.9805|Default|00-f9dc25bf11f3354d133b71b40e23778f-4e74fb4b9c6855ac-00|3|Microsoft.AspNetCore.Watch.BrowserRefresh.BrowserRefreshMiddleware|WARN|Unable to configure browser refresh script injection on the response. Consider manually adding '<script src="/_framework/aspnetcore-browser-refresh.js"></script>' to the body of the page. 
2026-01-12 12:10:56.5019|Default|00-653225fbaba81a9853728d9f14403007-62180c59966fdb8b-00|3|Microsoft.WebTools.BrowserLink.Net.BrowserLinkMiddleware|WARN|Unable to configure Browser Link script injection on the response.  
2026-01-12 12:10:56.5169|Default|00-653225fbaba81a9853728d9f14403007-62180c59966fdb8b-00|3|Microsoft.AspNetCore.Watch.BrowserRefresh.BrowserRefreshMiddleware|WARN|Unable to configure browser refresh script injection on the response. Consider manually adding '<script src="/_framework/aspnetcore-browser-refresh.js"></script>' to the body of the page. 
2026-01-12 12:11:07.5711|Default|00-a260a304fcda2f33bf91561f9615a8fe-eacd5d449f81206e-00|3|Microsoft.WebTools.BrowserLink.Net.BrowserLinkMiddleware|WARN|Unable to configure Browser Link script injection on the response.  
2026-01-12 12:11:07.5865|Default|00-a260a304fcda2f33bf91561f9615a8fe-eacd5d449f81206e-00|3|Microsoft.AspNetCore.Watch.BrowserRefresh.BrowserRefreshMiddleware|WARN|Unable to configure browser refresh script injection on the response. Consider manually adding '<script src="/_framework/aspnetcore-browser-refresh.js"></script>' to the body of the page. 
2026-01-12 13:20:11.5988||||Microsoft.Hosting.Lifetime|INFO|Application started. Press Ctrl+C to shut down. 
2026-01-12 13:20:11.6507||||Microsoft.Hosting.Lifetime|INFO|Hosting environment: Development 
2026-01-12 13:20:11.6617||||Microsoft.Hosting.Lifetime|INFO|Content root path: C:\Users\Public\TechVerse\TechVerse.Cms 
2026-01-12 13:47:34.4065||||Microsoft.Hosting.Lifetime|INFO|Application started. Press Ctrl+C to shut down. 
2026-01-12 13:47:34.5233||||Microsoft.Hosting.Lifetime|INFO|Hosting environment: Development 
2026-01-12 13:47:34.5507||||Microsoft.Hosting.Lifetime|INFO|Content root path: C:\Users\Public\TechVerse\TechVerse.Cms 
2026-01-12 15:19:27.2349|Default|00-54eeee1a95e23885ec18552c13ff04e6-b6ddf4ab1837badf-00|3|Microsoft.WebTools.BrowserLink.Net.BrowserLinkMiddleware|WARN|Unable to configure Browser Link script injection on the response.  
2026-01-12 15:19:27.4405|Default|00-54eeee1a95e23885ec18552c13ff04e6-b6ddf4ab1837badf-00|3|Microsoft.AspNetCore.Watch.BrowserRefresh.BrowserRefreshMiddleware|WARN|Unable to configure browser refresh script injection on the response. Consider manually adding '<script src="/_framework/aspnetcore-browser-refresh.js"></script>' to the body of the page. 
2026-01-12 15:36:34.3655||||Microsoft.Hosting.Lifetime|INFO|Application started. Press Ctrl+C to shut down. 
2026-01-12 15:36:34.4445||||Microsoft.Hosting.Lifetime|INFO|Hosting environment: Development 
2026-01-12 15:36:34.4507||||Microsoft.Hosting.Lifetime|INFO|Content root path: C:\Users\Public\TechVerse\TechVerse.Cms 
2026-01-12 16:22:16.2301||||Microsoft.Hosting.Lifetime|INFO|Application started. Press Ctrl+C to shut down. 
2026-01-12 16:22:16.2773||||Microsoft.Hosting.Lifetime|INFO|Hosting environment: Development 
2026-01-12 16:22:16.2773||||Microsoft.Hosting.Lifetime|INFO|Content root path: C:\Users\Public\TechVerse\TechVerse.Cms 
2026-01-12 16:24:01.1027|Default|00-4e591e36f4d69ad545f0b054e4109db0-eeb698484fd9a87e-00|3|Microsoft.WebTools.BrowserLink.Net.BrowserLinkMiddleware|WARN|Unable to configure Browser Link script injection on the response.  
2026-01-12 16:24:01.1455|Default|00-4e591e36f4d69ad545f0b054e4109db0-eeb698484fd9a87e-00|3|Microsoft.AspNetCore.Watch.BrowserRefresh.BrowserRefreshMiddleware|WARN|Unable to configure browser refresh script injection on the response. Consider manually adding '<script src="/_framework/aspnetcore-browser-refresh.js"></script>' to the body of the page. 
2026-01-12 16:24:09.4054|Default|00-fc1d11906e35ee4e8e613d9c3718ee6e-da89e500af9032f7-00|3|Microsoft.WebTools.BrowserLink.Net.BrowserLinkMiddleware|WARN|Unable to configure Browser Link script injection on the response.  
2026-01-12 16:24:09.4275|Default|00-fc1d11906e35ee4e8e613d9c3718ee6e-da89e500af9032f7-00|3|Microsoft.AspNetCore.Watch.BrowserRefresh.BrowserRefreshMiddleware|WARN|Unable to configure browser refresh script injection on the response. Consider manually adding '<script src="/_framework/aspnetcore-browser-refresh.js"></script>' to the body of the page. 
2026-01-12 16:24:15.1214|Default|00-c671a8c138afaec272f1ff93e1d18f00-e6e194782e25f944-00|3|Microsoft.WebTools.BrowserLink.Net.BrowserLinkMiddleware|WARN|Unable to configure Browser Link script injection on the response.  
2026-01-12 16:24:15.1214|Default|00-c671a8c138afaec272f1ff93e1d18f00-e6e194782e25f944-00|3|Microsoft.AspNetCore.Watch.BrowserRefresh.BrowserRefreshMiddleware|WARN|Unable to configure browser refresh script injection on the response. Consider manually adding '<script src="/_framework/aspnetcore-browser-refresh.js"></script>' to the body of the page. 
2026-01-12 16:24:18.1555|Default|00-a09acc1acf7d05ba9ae16057b4914631-3e0106f9289f4254-00|3|Microsoft.WebTools.BrowserLink.Net.BrowserLinkMiddleware|WARN|Unable to configure Browser Link script injection on the response.  
2026-01-12 16:24:18.1698|Default|00-a09acc1acf7d05ba9ae16057b4914631-3e0106f9289f4254-00|3|Microsoft.AspNetCore.Watch.BrowserRefresh.BrowserRefreshMiddleware|WARN|Unable to configure browser refresh script injection on the response. Consider manually adding '<script src="/_framework/aspnetcore-browser-refresh.js"></script>' to the body of the page. 
2026-01-12 16:24:21.5867|Default|00-06e676b9341a7d9e10bcb2a5216c9f7b-7c1c8340765f6570-00|3|Microsoft.WebTools.BrowserLink.Net.BrowserLinkMiddleware|WARN|Unable to configure Browser Link script injection on the response.  
2026-01-12 16:24:21.5947|Default|00-06e676b9341a7d9e10bcb2a5216c9f7b-7c1c8340765f6570-00|3|Microsoft.AspNetCore.Watch.BrowserRefresh.BrowserRefreshMiddleware|WARN|Unable to configure browser refresh script injection on the response. Consider manually adding '<script src="/_framework/aspnetcore-browser-refresh.js"></script>' to the body of the page. 
2026-01-12 16:24:28.0387|Default|00-e402d3970cd8c2acf7e11629e8ef4922-8de15b7f69769f2c-00|3|Microsoft.WebTools.BrowserLink.Net.BrowserLinkMiddleware|WARN|Unable to configure Browser Link script injection on the response.  
2026-01-12 16:24:28.0448|Default|00-e402d3970cd8c2acf7e11629e8ef4922-8de15b7f69769f2c-00|3|Microsoft.AspNetCore.Watch.BrowserRefresh.BrowserRefreshMiddleware|WARN|Unable to configure browser refresh script injection on the response. Consider manually adding '<script src="/_framework/aspnetcore-browser-refresh.js"></script>' to the body of the page. 
2026-01-12 16:24:57.7227|Default|00-a6a984ecdabf7ae250471d1f807f8aa5-7baa147fc1f459f0-00|3|Microsoft.WebTools.BrowserLink.Net.BrowserLinkMiddleware|WARN|Unable to configure Browser Link script injection on the response.  
2026-01-12 16:24:57.7293|Default|00-a6a984ecdabf7ae250471d1f807f8aa5-7baa147fc1f459f0-00|3|Microsoft.AspNetCore.Watch.BrowserRefresh.BrowserRefreshMiddleware|WARN|Unable to configure browser refresh script injection on the response. Consider manually adding '<script src="/_framework/aspnetcore-browser-refresh.js"></script>' to the body of the page. 
2026-01-12 16:25:00.5254|Default|00-d7d09df6dca425e972f3c40729e27059-5e2a42fa8cdf7765-00|3|Microsoft.WebTools.BrowserLink.Net.BrowserLinkMiddleware|WARN|Unable to configure Browser Link script injection on the response.  
2026-01-12 16:25:00.5335|Default|00-d7d09df6dca425e972f3c40729e27059-5e2a42fa8cdf7765-00|3|Microsoft.AspNetCore.Watch.BrowserRefresh.BrowserRefreshMiddleware|WARN|Unable to configure browser refresh script injection on the response. Consider manually adding '<script src="/_framework/aspnetcore-browser-refresh.js"></script>' to the body of the page. 
2026-01-12 16:25:12.2460|Default|00-f41303f8540c70618fcfcc404784f1d4-755403f869ed2a40-00|3|Microsoft.WebTools.BrowserLink.Net.BrowserLinkMiddleware|WARN|Unable to configure Browser Link script injection on the response.  
2026-01-12 16:25:12.2460|Default|00-f41303f8540c70618fcfcc404784f1d4-755403f869ed2a40-00|3|Microsoft.AspNetCore.Watch.BrowserRefresh.BrowserRefreshMiddleware|WARN|Unable to configure browser refresh script injection on the response. Consider manually adding '<script src="/_framework/aspnetcore-browser-refresh.js"></script>' to the body of the page. 
2026-01-12 16:25:18.3620|Default|00-3ddf32eac4f77e920e13959046122ff8-8bb462460e665cf1-00|3|Microsoft.WebTools.BrowserLink.Net.BrowserLinkMiddleware|WARN|Unable to configure Browser Link script injection on the response.  
2026-01-12 16:25:18.3620|Default|00-3ddf32eac4f77e920e13959046122ff8-8bb462460e665cf1-00|3|Microsoft.AspNetCore.Watch.BrowserRefresh.BrowserRefreshMiddleware|WARN|Unable to configure browser refresh script injection on the response. Consider manually adding '<script src="/_framework/aspnetcore-browser-refresh.js"></script>' to the body of the page. 
2026-01-12 16:25:29.6138|Default|00-37fd83a6c495469f69ef2b94c76606eb-440238c0e631e9d2-00|3|Microsoft.WebTools.BrowserLink.Net.BrowserLinkMiddleware|WARN|Unable to configure Browser Link script injection on the response.  
2026-01-12 16:25:29.6451|Default|00-37fd83a6c495469f69ef2b94c76606eb-440238c0e631e9d2-00|3|Microsoft.AspNetCore.Watch.BrowserRefresh.BrowserRefreshMiddleware|WARN|Unable to configure browser refresh script injection on the response. Consider manually adding '<script src="/_framework/aspnetcore-browser-refresh.js"></script>' to the body of the page. 
2026-01-12 16:25:32.3204|Default|00-b1e8e40448628ae35b9cdeffd3d8ccee-62bccc4a9a47649e-00|3|Microsoft.WebTools.BrowserLink.Net.BrowserLinkMiddleware|WARN|Unable to configure Browser Link script injection on the response.  
2026-01-12 16:25:32.3334|Default|00-b1e8e40448628ae35b9cdeffd3d8ccee-62bccc4a9a47649e-00|3|Microsoft.AspNetCore.Watch.BrowserRefresh.BrowserRefreshMiddleware|WARN|Unable to configure browser refresh script injection on the response. Consider manually adding '<script src="/_framework/aspnetcore-browser-refresh.js"></script>' to the body of the page. 
2026-01-12 16:25:40.0013|Default|00-999bd6a6f1b341b8d455e08f37a6c7d9-c1c09b52b2f4dea7-00|3|Microsoft.WebTools.BrowserLink.Net.BrowserLinkMiddleware|WARN|Unable to configure Browser Link script injection on the response.  
2026-01-12 16:25:40.0130|Default|00-999bd6a6f1b341b8d455e08f37a6c7d9-c1c09b52b2f4dea7-00|3|Microsoft.AspNetCore.Watch.BrowserRefresh.BrowserRefreshMiddleware|WARN|Unable to configure browser refresh script injection on the response. Consider manually adding '<script src="/_framework/aspnetcore-browser-refresh.js"></script>' to the body of the page. 
2026-01-12 16:25:43.4385|Default|00-a98f681049af96d7243b7c09a7cbcb67-08737cec21bbc0a1-00|3|Microsoft.WebTools.BrowserLink.Net.BrowserLinkMiddleware|WARN|Unable to configure Browser Link script injection on the response.  
2026-01-12 16:25:43.4385|Default|00-a98f681049af96d7243b7c09a7cbcb67-08737cec21bbc0a1-00|3|Microsoft.AspNetCore.Watch.BrowserRefresh.BrowserRefreshMiddleware|WARN|Unable to configure browser refresh script injection on the response. Consider manually adding '<script src="/_framework/aspnetcore-browser-refresh.js"></script>' to the body of the page. 
2026-01-12 16:25:51.4523|Default|00-0216cfa5019cdf97090efbcb3d5cac1f-10d2077a23ff95e2-00|3|Microsoft.WebTools.BrowserLink.Net.BrowserLinkMiddleware|WARN|Unable to configure Browser Link script injection on the response.  
2026-01-12 16:25:51.4523|Default|00-0216cfa5019cdf97090efbcb3d5cac1f-10d2077a23ff95e2-00|3|Microsoft.AspNetCore.Watch.BrowserRefresh.BrowserRefreshMiddleware|WARN|Unable to configure browser refresh script injection on the response. Consider manually adding '<script src="/_framework/aspnetcore-browser-refresh.js"></script>' to the body of the page. 
2026-01-12 16:31:41.9420||||Microsoft.Hosting.Lifetime|INFO|Application started. Press Ctrl+C to shut down. 
2026-01-12 16:31:42.0423||||Microsoft.Hosting.Lifetime|INFO|Hosting environment: Development 
2026-01-12 16:31:42.0423||||Microsoft.Hosting.Lifetime|INFO|Content root path: C:\Users\Public\TechVerse\TechVerse.Cms 
2026-01-12 16:37:27.3161||||Microsoft.Hosting.Lifetime|INFO|Application started. Press Ctrl+C to shut down. 
2026-01-12 16:37:27.3700||||Microsoft.Hosting.Lifetime|INFO|Hosting environment: Development 
2026-01-12 16:37:27.3700||||Microsoft.Hosting.Lifetime|INFO|Content root path: C:\Users\Public\TechVerse\TechVerse.Cms 
2026-01-12 16:45:12.0359||||Microsoft.Hosting.Lifetime|INFO|Application started. Press Ctrl+C to shut down. 
2026-01-12 16:45:12.0890||||Microsoft.Hosting.Lifetime|INFO|Hosting environment: Development 
2026-01-12 16:45:12.1037||||Microsoft.Hosting.Lifetime|INFO|Content root path: C:\Users\Public\TechVerse\TechVerse.Cms 
2026-01-12 17:01:42.2882||||Microsoft.Hosting.Lifetime|INFO|Application started. Press Ctrl+C to shut down. 
2026-01-12 17:01:42.3383||||Microsoft.Hosting.Lifetime|INFO|Hosting environment: Development 
2026-01-12 17:01:42.3383||||Microsoft.Hosting.Lifetime|INFO|Content root path: C:\Users\Public\TechVerse\TechVerse.Cms 
2026-01-12 17:05:58.0302||||Microsoft.Hosting.Lifetime|INFO|Application started. Press Ctrl+C to shut down. 
2026-01-12 17:05:58.0876||||Microsoft.Hosting.Lifetime|INFO|Hosting environment: Development 
2026-01-12 17:05:58.1077||||Microsoft.Hosting.Lifetime|INFO|Content root path: C:\Users\Public\TechVerse\TechVerse.Cms 
2026-01-12 17:17:15.3428||||Microsoft.Hosting.Lifetime|INFO|Application started. Press Ctrl+C to shut down. 
2026-01-12 17:17:15.3877||||Microsoft.Hosting.Lifetime|INFO|Hosting environment: Development 
2026-01-12 17:17:15.3877||||Microsoft.Hosting.Lifetime|INFO|Content root path: C:\Users\Public\TechVerse\TechVerse.Cms 
2026-01-12 17:24:17.1991||||Microsoft.Hosting.Lifetime|INFO|Application started. Press Ctrl+C to shut down. 
2026-01-12 17:24:17.2641||||Microsoft.Hosting.Lifetime|INFO|Hosting environment: Development 
2026-01-12 17:24:17.2641||||Microsoft.Hosting.Lifetime|INFO|Content root path: C:\Users\Public\TechVerse\TechVerse.Cms 
2026-01-12 17:30:26.7357||||Microsoft.Hosting.Lifetime|INFO|Application started. Press Ctrl+C to shut down. 
2026-01-12 17:30:26.7768||||Microsoft.Hosting.Lifetime|INFO|Hosting environment: Development 
2026-01-12 17:30:26.7768||||Microsoft.Hosting.Lifetime|INFO|Content root path: C:\Users\Public\TechVerse\TechVerse.Cms 
2026-01-12 17:35:55.1997||||Microsoft.Hosting.Lifetime|INFO|Application started. Press Ctrl+C to shut down. 
2026-01-12 17:35:55.2493||||Microsoft.Hosting.Lifetime|INFO|Hosting environment: Development 
2026-01-12 17:35:55.2577||||Microsoft.Hosting.Lifetime|INFO|Content root path: C:\Users\Public\TechVerse\TechVerse.Cms 
2026-01-12 18:21:30.7748||||Microsoft.Hosting.Lifetime|INFO|Application started. Press Ctrl+C to shut down. 
2026-01-12 18:21:30.8244||||Microsoft.Hosting.Lifetime|INFO|Hosting environment: Development 
2026-01-12 18:21:30.8301||||Microsoft.Hosting.Lifetime|INFO|Content root path: C:\Users\Public\TechVerse\TechVerse.Cms 
2026-01-12 21:39:53.2578||||Microsoft.Hosting.Lifetime|INFO|Application started. Press Ctrl+C to shut down. 
2026-01-12 21:39:53.2998||||Microsoft.Hosting.Lifetime|INFO|Hosting environment: Development 
2026-01-12 21:39:53.2998||||Microsoft.Hosting.Lifetime|INFO|Content root path: C:\Users\Public\TechVerse\TechVerse.Cms 
2026-01-12 21:52:01.2370||||Microsoft.Hosting.Lifetime|INFO|Application started. Press Ctrl+C to shut down. 
2026-01-12 21:52:01.2742||||Microsoft.Hosting.Lifetime|INFO|Hosting environment: Development 
2026-01-12 21:52:01.2742||||Microsoft.Hosting.Lifetime|INFO|Content root path: C:\Users\Public\TechVerse\TechVerse.Cms 
2026-01-12 22:32:45.4709||||Microsoft.Hosting.Lifetime|INFO|Application started. Press Ctrl+C to shut down. 
2026-01-12 22:32:45.5220||||Microsoft.Hosting.Lifetime|INFO|Hosting environment: Development 
2026-01-12 22:32:45.5302||||Microsoft.Hosting.Lifetime|INFO|Content root path: C:\Users\Public\TechVerse\TechVerse.Cms 
2026-01-12 22:32:57.7159|Default|00-bd9f7a1fd59711d17e0eb122f919d4e8-ecaa527abf45d0b2-00|1|Microsoft.AspNetCore.Diagnostics.DeveloperExceptionPageMiddleware|ERROR|An unhandled exception has occurred while executing the request. System.InvalidOperationException: The model item passed into the ViewDataDictionary is of type 'OrchardCore.ContentManagement.ContentItem', but this ViewDataDictionary instance requires a model item of type 'TechVerse.Cms.Pages.Widgets.Partials.ProductHighlightModel'.
   at Microsoft.AspNetCore.Mvc.ViewFeatures.ViewDataDictionary.EnsureCompatible(Object value)
   at lambda_method90(Closure, ViewDataDictionary)
   at Microsoft.AspNetCore.Mvc.Razor.RazorPagePropertyActivator.Activate(Object page, ViewContext context)
   at Microsoft.AspNetCore.Mvc.Razor.RazorView.RenderPageCoreAsync(IRazorPage page, ViewContext context)
   at Microsoft.AspNetCore.Mvc.Razor.RazorView.RenderPageAsync(IRazorPage page, ViewContext context, Boolean invokeViewStarts)
   at Microsoft.AspNetCore.Mvc.Razor.RazorView.RenderAsync(ViewContext context)
   at Microsoft.AspNetCore.Mvc.ViewFeatures.HtmlHelper.RenderPartialCoreAsync(String partialViewName, Object model, ViewDataDictionary viewData, TextWriter writer)
   at Microsoft.AspNetCore.Mvc.ViewFeatures.HtmlHelper.PartialAsync(String partialViewName, Object model, ViewDataDictionary viewData)
   at AspNetCoreGeneratedDocument.Pages_Home_Index.ExecuteAsync() in C:\Users\Public\TechVerse\TechVerse.Cms\Pages\Home\Index.cshtml:line 32
   at Microsoft.AspNetCore.Mvc.Razor.RazorView.RenderPageCoreAsync(IRazorPage page, ViewContext context)
   at Microsoft.AspNetCore.Mvc.Razor.RazorView.RenderPageAsync(IRazorPage page, ViewContext context, Boolean invokeViewStarts)
   at Microsoft.AspNetCore.Mvc.Razor.RazorView.RenderAsync(ViewContext context)
   at Microsoft.AspNetCore.Mvc.ViewFeatures.ViewExecutor.ExecuteAsync(ViewContext viewContext, String contentType, Nullable`1 statusCode)
   at Microsoft.AspNetCore.Mvc.ViewFeatures.ViewExecutor.ExecuteAsync(ViewContext viewContext, String contentType, Nullable`1 statusCode)
   at Microsoft.AspNetCore.Mvc.Infrastructure.ResourceInvoker.<InvokeNextResultFilterAsync>g__Awaited|30_0[TFilter,TFilterAsync](ResourceInvoker invoker, Task lastTask, State next, Scope scope, Object state, Boolean isCompleted)
   at Microsoft.AspNetCore.Mvc.Infrastructure.ResourceInvoker.Rethrow(ResultExecutedContextSealed context)
   at Microsoft.AspNetCore.Mvc.Infrastructure.ResourceInvoker.ResultNext[TFilter,TFilterAsync](State& next, Scope& scope, Object& state, Boolean& isCompleted)
   at Microsoft.AspNetCore.Mvc.Infrastructure.ResourceInvoker.<InvokeResultFilters>g__Awaited|28_0(ResourceInvoker invoker, Task lastTask, State next, Scope scope, Object state, Boolean isCompleted)
   at Microsoft.AspNetCore.Mvc.Infrastructure.ResourceInvoker.<InvokeNextResourceFilter>g__Awaited|25_0(ResourceInvoker invoker, Task lastTask, State next, Scope scope, Object state, Boolean isCompleted)
   at Microsoft.AspNetCore.Mvc.Infrastructure.ResourceInvoker.Rethrow(ResourceExecutedContextSealed context)
   at Microsoft.AspNetCore.Mvc.Infrastructure.ResourceInvoker.Next(State& next, Scope& scope, Object& state, Boolean& isCompleted)
   at Microsoft.AspNetCore.Mvc.Infrastructure.ResourceInvoker.<InvokeFilterPipelineAsync>g__Awaited|20_0(ResourceInvoker invoker, Task lastTask, State next, Scope scope, Object state, Boolean isCompleted)
   at Microsoft.AspNetCore.Mvc.Infrastructure.ResourceInvoker.<InvokeAsync>g__Logged|17_1(ResourceInvoker invoker)
   at Microsoft.AspNetCore.Mvc.Infrastructure.ResourceInvoker.<InvokeAsync>g__Logged|17_1(ResourceInvoker invoker)
   at Microsoft.AspNetCore.Routing.EndpointMiddleware.<Invoke>g__AwaitRequestTask|7_0(Endpoint endpoint, Task requestTask, ILogger logger)
   at Swashbuckle.AspNetCore.SwaggerUI.SwaggerUIMiddleware.Invoke(HttpContext httpContext)
   at Swashbuckle.AspNetCore.Swagger.SwaggerMiddleware.Invoke(HttpContext httpContext, ISwaggerProvider swaggerProvider)
   at SixLabors.ImageSharp.Web.Middleware.ImageSharpMiddleware.Invoke(HttpContext httpContext, Boolean retry)
   at OrchardCore.Media.Services.SecureMediaMiddleware.Invoke(HttpContext context, IAuthorizationService authorizationService, IAuthenticationService authenticationService)
   at Microsoft.AspNetCore.Authorization.AuthorizationMiddleware.Invoke(HttpContext context)
   at OrchardCore.Liquid.ScriptsMiddleware.Invoke(HttpContext httpContext)
   at Microsoft.AspNetCore.Authentication.AuthenticationMiddleware.Invoke(HttpContext context)
   at OrchardCore.Diagnostics.DiagnosticsStartupFilter.<>c__DisplayClass3_0.<<Configure>b__1>d.MoveNext()
--- End of stack trace from previous location ---
   at Microsoft.AspNetCore.Diagnostics.StatusCodePagesMiddleware.Invoke(HttpContext context)
   at OrchardCore.ContentPreview.PreviewStartupFilter.<>c.<<Configure>b__0_1>d.MoveNext()
--- End of stack trace from previous location ---
   at OrchardCore.Users.Services.ExternalAuthenticationsStartupFilter.<>c.<<Configure>b__0_1>d.MoveNext()
--- End of stack trace from previous location ---
   at OrchardCore.Modules.ModularTenantRouterMiddleware.Invoke(HttpContext httpContext)
   at OrchardCore.Modules.ModularTenantContainerMiddleware.<>c__DisplayClass4_0.<<Invoke>b__0>d.MoveNext()
--- End of stack trace from previous location ---
   at OrchardCore.Environment.Shell.Scope.ShellScope.UsingAsync(Func`2 execute, Boolean activateShell)
   at OrchardCore.Environment.Shell.Scope.ShellScope.UsingAsync(Func`2 execute, Boolean activateShell)
   at OrchardCore.Environment.Shell.Scope.ShellScope.UsingAsync(Func`2 execute, Boolean activateShell)
   at OrchardCore.Environment.Shell.Scope.ShellScope.UsingAsync(Func`2 execute, Boolean activateShell)
   at OrchardCore.Environment.Shell.Scope.ShellScope.UsingAsync(Func`2 execute, Boolean activateShell)
   at OrchardCore.Modules.ModularTenantContainerMiddleware.Invoke(HttpContext httpContext)
   at Microsoft.AspNetCore.Authentication.AuthenticationMiddleware.Invoke(HttpContext context)
   at Microsoft.AspNetCore.Diagnostics.DeveloperExceptionPageMiddlewareImpl.Invoke(HttpContext context)    at Microsoft.AspNetCore.Mvc.ViewFeatures.ViewDataDictionary.EnsureCompatible(Object value)
   at lambda_method90(Closure, ViewDataDictionary)
   at Microsoft.AspNetCore.Mvc.Razor.RazorPagePropertyActivator.Activate(Object page, ViewContext context)
   at Microsoft.AspNetCore.Mvc.Razor.RazorView.RenderPageCoreAsync(IRazorPage page, ViewContext context)
   at Microsoft.AspNetCore.Mvc.Razor.RazorView.RenderPageAsync(IRazorPage page, ViewContext context, Boolean invokeViewStarts)
   at Microsoft.AspNetCore.Mvc.Razor.RazorView.RenderAsync(ViewContext context)
   at Microsoft.AspNetCore.Mvc.ViewFeatures.HtmlHelper.RenderPartialCoreAsync(String partialViewName, Object model, ViewDataDictionary viewData, TextWriter writer)
   at Microsoft.AspNetCore.Mvc.ViewFeatures.HtmlHelper.PartialAsync(String partialViewName, Object model, ViewDataDictionary viewData)
   at AspNetCoreGeneratedDocument.Pages_Home_Index.ExecuteAsync() in C:\Users\Public\TechVerse\TechVerse.Cms\Pages\Home\Index.cshtml:line 32
   at Microsoft.AspNetCore.Mvc.Razor.RazorView.RenderPageCoreAsync(IRazorPage page, ViewContext context)
   at Microsoft.AspNetCore.Mvc.Razor.RazorView.RenderPageAsync(IRazorPage page, ViewContext context, Boolean invokeViewStarts)
   at Microsoft.AspNetCore.Mvc.Razor.RazorView.RenderAsync(ViewContext context)
   at Microsoft.AspNetCore.Mvc.ViewFeatures.ViewExecutor.ExecuteAsync(ViewContext viewContext, String contentType, Nullable`1 statusCode)
   at Microsoft.AspNetCore.Mvc.ViewFeatures.ViewExecutor.ExecuteAsync(ViewContext viewContext, String contentType, Nullable`1 statusCode)
   at Microsoft.AspNetCore.Mvc.Infrastructure.ResourceInvoker.<InvokeNextResultFilterAsync>g__Awaited|30_0[TFilter,TFilterAsync](ResourceInvoker invoker, Task lastTask, State next, Scope scope, Object state, Boolean isCompleted)
   at Microsoft.AspNetCore.Mvc.Infrastructure.ResourceInvoker.Rethrow(ResultExecutedContextSealed context)
   at Microsoft.AspNetCore.Mvc.Infrastructure.ResourceInvoker.ResultNext[TFilter,TFilterAsync](State& next, Scope& scope, Object& state, Boolean& isCompleted)
   at Microsoft.AspNetCore.Mvc.Infrastructure.ResourceInvoker.<InvokeResultFilters>g__Awaited|28_0(ResourceInvoker invoker, Task lastTask, State next, Scope scope, Object state, Boolean isCompleted)
   at Microsoft.AspNetCore.Mvc.Infrastructure.ResourceInvoker.<InvokeNextResourceFilter>g__Awaited|25_0(ResourceInvoker invoker, Task lastTask, State next, Scope scope, Object state, Boolean isCompleted)
   at Microsoft.AspNetCore.Mvc.Infrastructure.ResourceInvoker.Rethrow(ResourceExecutedContextSealed context)
   at Microsoft.AspNetCore.Mvc.Infrastructure.ResourceInvoker.Next(State& next, Scope& scope, Object& state, Boolean& isCompleted)
   at Microsoft.AspNetCore.Mvc.Infrastructure.ResourceInvoker.<InvokeFilterPipelineAsync>g__Awaited|20_0(ResourceInvoker invoker, Task lastTask, State next, Scope scope, Object state, Boolean isCompleted)
   at Microsoft.AspNetCore.Mvc.Infrastructure.ResourceInvoker.<InvokeAsync>g__Logged|17_1(ResourceInvoker invoker)
   at Microsoft.AspNetCore.Mvc.Infrastructure.ResourceInvoker.<InvokeAsync>g__Logged|17_1(ResourceInvoker invoker)
   at Microsoft.AspNetCore.Routing.EndpointMiddleware.<Invoke>g__AwaitRequestTask|7_0(Endpoint endpoint, Task requestTask, ILogger logger)
   at Swashbuckle.AspNetCore.SwaggerUI.SwaggerUIMiddleware.Invoke(HttpContext httpContext)
   at Swashbuckle.AspNetCore.Swagger.SwaggerMiddleware.Invoke(HttpContext httpContext, ISwaggerProvider swaggerProvider)
   at SixLabors.ImageSharp.Web.Middleware.ImageSharpMiddleware.Invoke(HttpContext httpContext, Boolean retry)
   at OrchardCore.Media.Services.SecureMediaMiddleware.Invoke(HttpContext context, IAuthorizationService authorizationService, IAuthenticationService authenticationService)
   at Microsoft.AspNetCore.Authorization.AuthorizationMiddleware.Invoke(HttpContext context)
   at OrchardCore.Liquid.ScriptsMiddleware.Invoke(HttpContext httpContext)
   at Microsoft.AspNetCore.Authentication.AuthenticationMiddleware.Invoke(HttpContext context)
   at OrchardCore.Diagnostics.DiagnosticsStartupFilter.<>c__DisplayClass3_0.<<Configure>b__1>d.MoveNext()
--- End of stack trace from previous location ---
   at Microsoft.AspNetCore.Diagnostics.StatusCodePagesMiddleware.Invoke(HttpContext context)
   at OrchardCore.ContentPreview.PreviewStartupFilter.<>c.<<Configure>b__0_1>d.MoveNext()
--- End of stack trace from previous location ---
   at OrchardCore.Users.Services.ExternalAuthenticationsStartupFilter.<>c.<<Configure>b__0_1>d.MoveNext()
--- End of stack trace from previous location ---
   at OrchardCore.Modules.ModularTenantRouterMiddleware.Invoke(HttpContext httpContext)
   at OrchardCore.Modules.ModularTenantContainerMiddleware.<>c__DisplayClass4_0.<<Invoke>b__0>d.MoveNext()
--- End of stack trace from previous location ---
   at OrchardCore.Environment.Shell.Scope.ShellScope.UsingAsync(Func`2 execute, Boolean activateShell)
   at OrchardCore.Environment.Shell.Scope.ShellScope.UsingAsync(Func`2 execute, Boolean activateShell)
   at OrchardCore.Environment.Shell.Scope.ShellScope.UsingAsync(Func`2 execute, Boolean activateShell)
   at OrchardCore.Environment.Shell.Scope.ShellScope.UsingAsync(Func`2 execute, Boolean activateShell)
   at OrchardCore.Environment.Shell.Scope.ShellScope.UsingAsync(Func`2 execute, Boolean activateShell)
   at OrchardCore.Modules.ModularTenantContainerMiddleware.Invoke(HttpContext httpContext)
   at Microsoft.AspNetCore.Authentication.AuthenticationMiddleware.Invoke(HttpContext context)
   at Microsoft.AspNetCore.Diagnostics.DeveloperExceptionPageMiddlewareImpl.Invoke(HttpContext context)
